game 1 done
  trick 0: 28 dec, challenged 13 (46%), overrode 8 (29%)
  trick 1: 25 dec, challenged 9 (36%), overrode 4 (16%)
  trick 2: 24 dec, challenged 6 (25%), overrode 2 (8%)
  trick 3: 26 dec, challenged 16 (62%), overrode 2 (8%)
  trick 4: 24 dec, challenged 15 (62%), overrode 4 (17%)
  trick 5: 24 dec, challenged 9 (38%), overrode 3 (12%)
  trick 6: 24 dec, challenged 13 (54%), overrode 3 (12%)
  trick 7: 28 dec, challenged 11 (39%), overrode 1 (4%)
game 2 done
  trick 0: 43 dec, challenged 19 (44%), overrode 12 (28%)
  trick 1: 38 dec, challenged 17 (45%), overrode 8 (21%)
  trick 2: 42 dec, challenged 19 (45%), overrode 11 (26%)
  trick 3: 40 dec, challenged 26 (65%), overrode 5 (12%)
  trick 4: 37 dec, challenged 21 (57%), overrode 4 (11%)
  trick 5: 39 dec, challenged 14 (36%), overrode 5 (13%)
  trick 6: 37 dec, challenged 18 (49%), overrode 3 (8%)
  trick 7: 43 dec, challenged 20 (47%), overrode 3 (7%)
game 3 done
  trick 0: 60 dec, challenged 27 (45%), overrode 14 (23%)
  trick 1: 57 dec, challenged 22 (39%), overrode 11 (19%)
  trick 2: 58 dec, challenged 25 (43%), overrode 12 (21%)
  trick 3: 57 dec, challenged 37 (65%), overrode 7 (12%)
  trick 4: 54 dec, challenged 32 (59%), overrode 8 (15%)
  trick 5: 56 dec, challenged 25 (45%), overrode 5 (9%)
  trick 6: 55 dec, challenged 27 (49%), overrode 5 (9%)
  trick 7: 61 dec, challenged 28 (46%), overrode 3 (5%)
game 4 done
  trick 0: 82 dec, challenged 40 (49%), overrode 21 (26%)
  trick 1: 78 dec, challenged 38 (49%), overrode 18 (23%)
  trick 2: 82 dec, challenged 34 (41%), overrode 17 (21%)
  trick 3: 81 dec, challenged 48 (59%), overrode 9 (11%)
  trick 4: 76 dec, challenged 44 (58%), overrode 9 (12%)
  trick 5: 76 dec, challenged 39 (51%), overrode 7 (9%)
  trick 6: 78 dec, challenged 43 (55%), overrode 6 (8%)
  trick 7: 82 dec, challenged 37 (45%), overrode 3 (4%)
game 5 done
  trick 0: 94 dec, challenged 47 (50%), overrode 24 (26%)
  trick 1: 87 dec, challenged 42 (48%), overrode 20 (23%)
  trick 2: 92 dec, challenged 38 (41%), overrode 18 (20%)
  trick 3: 93 dec, challenged 55 (59%), overrode 11 (12%)
  trick 4: 89 dec, challenged 50 (56%), overrode 10 (11%)
  trick 5: 85 dec, challenged 44 (52%), overrode 9 (11%)
  trick 6: 91 dec, challenged 49 (54%), overrode 8 (9%)
  trick 7: 93 dec, challenged 42 (45%), overrode 3 (3%)
game 6 done
  trick 0: 108 dec, challenged 57 (53%), overrode 27 (25%)
  trick 1: 102 dec, challenged 47 (46%), overrode 23 (23%)
  trick 2: 105 dec, challenged 44 (42%), overrode 23 (22%)
  trick 3: 108 dec, challenged 60 (56%), overrode 12 (11%)
  trick 4: 106 dec, challenged 59 (56%), overrode 10 (9%)
  trick 5: 101 dec, challenged 56 (55%), overrode 10 (10%)
  trick 6: 107 dec, challenged 60 (56%), overrode 9 (8%)
  trick 7: 109 dec, challenged 51 (47%), overrode 3 (3%)
game 7 done
  trick 0: 132 dec, challenged 73 (55%), overrode 36 (27%)
  trick 1: 131 dec, challenged 61 (47%), overrode 29 (22%)
  trick 2: 133 dec, challenged 54 (41%), overrode 28 (21%)
  trick 3: 137 dec, challenged 74 (54%), overrode 13 (9%)
  trick 4: 137 dec, challenged 76 (55%), overrode 12 (9%)
  trick 5: 131 dec, challenged 69 (53%), overrode 11 (8%)
  trick 6: 135 dec, challenged 73 (54%), overrode 11 (8%)
  trick 7: 139 dec, challenged 61 (44%), overrode 4 (3%)
game 8 done
  trick 0: 146 dec, challenged 79 (54%), overrode 38 (26%)
  trick 1: 147 dec, challenged 69 (47%), overrode 30 (20%)
  trick 2: 145 dec, challenged 58 (40%), overrode 29 (20%)
  trick 3: 152 dec, challenged 82 (54%), overrode 15 (10%)
  trick 4: 150 dec, challenged 86 (57%), overrode 15 (10%)
  trick 5: 141 dec, challenged 74 (52%), overrode 12 (9%)
  trick 6: 149 dec, challenged 80 (54%), overrode 11 (7%)
  trick 7: 152 dec, challenged 69 (45%), overrode 5 (3%)
TELEMETRY DONE
hallenged 79 (54%), overrode 38 (26%)
  trick 1: 147 decisions, challenged 69 (47%), overrode 30 (20%)
  trick 2: 145 decisions, challenged 58 (40%), overrode 29 (20%)
  trick 3: 152 decisions, challenged 82 (54%), overrode 15 (10%)
  trick 4: 150 decisions, challenged 86 (57%), overrode 15 (10%)
  trick 5: 141 decisions, challenged 74 (52%), overrode 12 (9%)
  trick 6: 149 decisions, challenged 80 (54%), overrode 11 (7%)
  trick 7: 152 decisions, challenged 69 (45%), overrode 5 (3%)
TELEMETRY DONE
